Loading dataset in streaming mode (reads from local cache)...
Filtering for court containing 'Supreme Court of India', years 2018-2022...
  collected 200 matching rows so far...
  collected 400 matching rows so far...
  collected 600 matching rows so far...
  collected 800 matching rows so far...
  collected 1000 matching rows so far...
  collected 1200 matching rows so far...
  collected 1400 matching rows so far...
  collected 1600 matching rows so far...
  collected 1800 matching rows so far...
  collected 2000 matching rows so far...
  collected 2200 matching rows so far...
  collected 2400 matching rows so far...
  collected 2600 matching rows so far...
  collected 2800 matching rows so far...
  collected 3000 matching rows so far...
  collected 3200 matching rows so far...
  collected 3400 matching rows so far...
  collected 3600 matching rows so far...
  collected 3800 matching rows so far...
  collected 4000 matching rows so far...
  collected 4200 matching rows so far...

Total matching rows collected: 4201
Saved filtered slice to data/raw/corpus_slice.parquet

Columns: ['id', 'case_metadata_id', 'dataset_source', 'parser_record_id', 'ingestion_split', 'case_title', 'party_petitioner', 'party_respondent', 'party_caption', 'docket_number', 'cnr_number', 'neutral_citation', 'law_report_citation', 'court_name', 'court_code', 'bench_name', 'presiding_judge', 'coram_members', 'coram_members_text', 'decision_date', 'registration_date', 'citation_year', 'decision_year', 'disposition_text', 'source_relative_path', 'source_path_year', 'source_path_court_code', 'source_path_bench', 'source_filename', 'source_json_s3_url', 'source_pdf_s3_url', 'language_codes', 'indexable_text', 'headnote_text', 'normalized_record_json', 'parser_json', 'quality_json', 'created_at', 'updated_at']

Sample row:
case_title       GOVERNMENT OF INDIA & ORS versus ISRO DRIVERS ...
court_name                                  Supreme Court of India
decision_year                                                 2020
Name: 0, dtype: object
