nohup: ignoring input
/home/student/Dhara-Mtech/IPR/PROJECTS/production-rag-legal/src/indexing/qdrant_client.py:17: UserWarning: Local mode is not recommended for collections with more than 20,000 points. Collection <legal_fixed> contains 107056 points. Consider using Qdrant in Docker or Qdrant Cloud for better performance with large datasets.
  _client = QdrantClient(path=QDRANT_PATH)
/home/student/Dhara-Mtech/IPR/PROJECTS/production-rag-legal/src/indexing/qdrant_client.py:17: UserWarning: Local mode is not recommended for collections with more than 20,000 points. Collection <legal_recursive> contains 253394 points. Consider using Qdrant in Docker or Qdrant Cloud for better performance with large datasets.
  _client = QdrantClient(path=QDRANT_PATH)
/home/student/Dhara-Mtech/IPR/PROJECTS/production-rag-legal/src/indexing/qdrant_client.py:17: UserWarning: Local mode is not recommended for collections with more than 20,000 points. Collection <legal_semantic> contains 163884 points. Consider using Qdrant in Docker or Qdrant Cloud for better performance with large datasets.
  _client = QdrantClient(path=QDRANT_PATH)
Loading embedding model 'BAAI/bge-large-en-v1.5' on: cuda
Loading weights:   0%|          | 0/391 [00:00<?, ?it/s]Loading weights: 100%|██████████| 391/391 [00:00<00:00, 7287.12it/s]
Loading reranker model 'BAAI/bge-reranker-v2-m3' on: cuda
Loading weights:   0%|          | 0/393 [00:00<?, ?it/s]Loading weights: 100%|██████████| 393/393 [00:00<00:00, 9824.78it/s]
  processed 5/60
  processed 10/60
  processed 15/60
  processed 20/60
  processed 25/60
  processed 30/60
  processed 35/60
  processed 40/60
  processed 45/60
  processed 50/60
  processed 55/60
  processed 60/60

Done. Saved to results/raw_outputs_semantic_reranked_qwen3_14b.json
